../Core/Src/main.c:95:5:main	72	static
../Core/Src/main.c:220:6:SystemClock_Config	96	static
../Core/Src/main.c:277:13:MX_I2C2_Init	8	static
../Core/Src/main.c:325:13:MX_I2C3_Init	8	static
../Core/Src/main.c:373:13:MX_LCD_Init	8	static
../Core/Src/main.c:413:13:MX_GPIO_Init	56	static
../Core/Src/main.c:484:8:BMP280_init	16	static
../Core/Src/main.c:541:8:BMP280_read	40	static
../Core/Src/main.c:566:6:delay_ms	16	static
../Core/Src/main.c:585:8:i2c_reg_write	32	static
../Core/Src/main.c:608:8:i2c_reg_read	32	static
../Core/Src/main.c:618:6:print_rslt	16	static
../Core/Src/main.c:648:6:Joystick_demo	16	static
../Core/Src/main.c:706:6:Error_Handler	4	static,ignoring_inline_asm
