../Core/Src/main.c:90:5:main	56	static
../Core/Src/main.c:170:6:SystemClock_Config	96	static
../Core/Src/main.c:221:13:MX_I2C1_Init	8	static
../Core/Src/main.c:269:13:MX_I2C2_Init	8	static
../Core/Src/main.c:317:13:MX_I2C3_Init	8	static
../Core/Src/main.c:365:13:MX_LCD_Init	8	static
../Core/Src/main.c:403:13:MX_USART2_UART_Init	8	static
../Core/Src/main.c:438:13:MX_GPIO_Init	56	static
../Core/Src/main.c:509:8:BMP280_init	16	static
../Core/Src/main.c:566:8:BMP280_read	40	static
../Core/Src/main.c:591:6:delay_ms	16	static
../Core/Src/main.c:610:8:i2c_reg_write	32	static
../Core/Src/main.c:633:8:i2c_reg_read	32	static
../Core/Src/main.c:643:6:print_rslt	16	static
../Core/Src/main.c:673:5:_write	24	static
../Core/Src/main.c:684:6:Error_Handler	4	static,ignoring_inline_asm
